---
http_interactions:
- request:
    method: post
    uri: https://api.stripe.com/v1/customers
    body:
      encoding: US-ASCII
      string: card[exp_month]=12&card[exp_year]=2016&card[number]=4242424242424242&card[cvc]=123&plan=supporter_annual&description=FooBar%20Inc%20supporter%20membership%20(FK2061WC)
    headers:
      Accept:
      - ! '*/*; q=0.5, application/xml'
      Accept-Encoding:
      - gzip, deflate
      User-Agent:
      - Stripe/v1 RubyBindings/1.13.0
      Authorization:
      - Bearer <STRIPE_API_KEY>
      Content-Type:
      - application/x-www-form-urlencoded
      X-Stripe-Client-User-Agent:
      - ! '{"bindings_version":"1.13.0","lang":"ruby","lang_version":"1.9.3 p545 (2014-02-24)","platform":"x86_64-darwin13.1.0","publisher":"stripe","uname":"Darwin
        Agrajag.local 13.2.0 Darwin Kernel Version 13.2.0: Thu Apr 17 23:03:13 PDT
        2014; root:xnu-2422.100.13~1/RELEASE_X86_64 x86_64"}'
      Content-Length:
      - '167'
  response:
    status:
      code: 200
      message: OK
    headers:
      Server:
      - nginx
      Date:
      - Mon, 16 Jun 2014 14:55:29 GMT
      Content-Type:
      - application/json;charset=utf-8
      Content-Length:
      - '2227'
      Access-Control-Allow-Credentials:
      - 'true'
      Cache-Control:
      - no-cache, no-store
      Stripe-Version:
      - '2014-05-19'
      Access-Control-Max-Age:
      - '300'
      Access-Control-Allow-Methods:
      - GET, POST, HEAD, OPTIONS, DELETE
      Strict-Transport-Security:
      - max-age=31556926; includeSubDomains
    body:
      encoding: US-ASCII
      string: ! "{\n  \"object\": \"customer\",\n  \"created\": 1402930529,\n  \"id\":
        \"cus_4EUVkhtsnNL1WZ\",\n  \"livemode\": false,\n  \"description\": \"FooBar
        Inc supporter membership (FK2061WC)\",\n  \"email\": null,\n  \"delinquent\":
        false,\n  \"metadata\": {},\n  \"subscriptions\": {\n    \"object\": \"list\",\n
        \   \"total_count\": 1,\n    \"has_more\": false,\n    \"url\": \"/v1/customers/cus_4EUVkhtsnNL1WZ/subscriptions\",\n
        \   \"data\": [\n      {\n        \"id\": \"sub_4EUVjTFMjQoeBc\",\n        \"plan\":
        {\n          \"interval\": \"year\",\n          \"name\": \"Supporter (Annual)\",\n
        \         \"created\": 1402481487,\n          \"amount\": 72000,\n          \"currency\":
        \"gbp\",\n          \"id\": \"supporter_annual\",\n          \"object\": \"plan\",\n
        \         \"livemode\": false,\n          \"interval_count\": 1,\n          \"trial_period_days\":
        null,\n          \"metadata\": {},\n          \"statement_description\": null\n
        \       },\n        \"object\": \"subscription\",\n        \"start\": 1402930529,\n
        \       \"status\": \"active\",\n        \"customer\": \"cus_4EUVkhtsnNL1WZ\",\n
        \       \"cancel_at_period_end\": false,\n        \"current_period_start\":
        1402930529,\n        \"current_period_end\": 1434466529,\n        \"ended_at\":
        null,\n        \"trial_start\": null,\n        \"trial_end\": null,\n        \"canceled_at\":
        null,\n        \"quantity\": 1,\n        \"application_fee_percent\": null,\n
        \       \"discount\": null,\n        \"metadata\": {}\n      }\n    ]\n  },\n
        \ \"discount\": null,\n  \"account_balance\": 0,\n  \"currency\": \"gbp\",\n
        \ \"cards\": {\n    \"object\": \"list\",\n    \"total_count\": 1,\n    \"has_more\":
        false,\n    \"url\": \"/v1/customers/cus_4EUVkhtsnNL1WZ/cards\",\n    \"data\":
        [\n      {\n        \"id\": \"card_104EUV4AkkLX9BwV9jvPHLHk\",\n        \"object\":
        \"card\",\n        \"last4\": \"4242\",\n        \"type\": \"Visa\",\n        \"exp_month\":
        12,\n        \"exp_year\": 2016,\n        \"fingerprint\": \"ynpvkg0lBh03Sjdq\",\n
        \       \"country\": \"US\",\n        \"name\": null,\n        \"address_line1\":
        null,\n        \"address_line2\": null,\n        \"address_city\": null,\n
        \       \"address_state\": null,\n        \"address_zip\": null,\n        \"address_country\":
        null,\n        \"cvc_check\": \"pass\",\n        \"address_line1_check\":
        null,\n        \"address_zip_check\": null,\n        \"customer\": \"cus_4EUVkhtsnNL1WZ\"\n
        \     }\n    ]\n  },\n  \"default_card\": \"card_104EUV4AkkLX9BwV9jvPHLHk\"\n}\n"
    http_version: 
  recorded_at: Mon, 16 Jun 2014 14:55:28 GMT
- request:
    method: get
    uri: https://api.stripe.com/v1/customers/cus_4EUVkhtsnNL1WZ
    body:
      encoding: US-ASCII
      string: ''
    headers:
      Accept:
      - ! '*/*; q=0.5, application/xml'
      Accept-Encoding:
      - gzip, deflate
      User-Agent:
      - Stripe/v1 RubyBindings/1.13.0
      Authorization:
      - Bearer <STRIPE_API_KEY>
      Content-Type:
      - application/x-www-form-urlencoded
      X-Stripe-Client-User-Agent:
      - ! '{"bindings_version":"1.13.0","lang":"ruby","lang_version":"1.9.3 p545 (2014-02-24)","platform":"x86_64-darwin13.1.0","publisher":"stripe","uname":"Darwin
        Agrajag.local 13.2.0 Darwin Kernel Version 13.2.0: Thu Apr 17 23:03:13 PDT
        2014; root:xnu-2422.100.13~1/RELEASE_X86_64 x86_64"}'
  response:
    status:
      code: 200
      message: OK
    headers:
      Server:
      - nginx
      Date:
      - Mon, 16 Jun 2014 14:55:30 GMT
      Content-Type:
      - application/json;charset=utf-8
      Content-Length:
      - '2227'
      Access-Control-Max-Age:
      - '300'
      Access-Control-Allow-Credentials:
      - 'true'
      Cache-Control:
      - no-cache, no-store
      Access-Control-Allow-Methods:
      - GET, POST, HEAD, OPTIONS, DELETE
      Stripe-Version:
      - '2014-05-19'
      Strict-Transport-Security:
      - max-age=31556926; includeSubDomains
    body:
      encoding: US-ASCII
      string: ! "{\n  \"object\": \"customer\",\n  \"created\": 1402930529,\n  \"id\":
        \"cus_4EUVkhtsnNL1WZ\",\n  \"livemode\": false,\n  \"description\": \"FooBar
        Inc supporter membership (FK2061WC)\",\n  \"email\": null,\n  \"delinquent\":
        false,\n  \"metadata\": {},\n  \"subscriptions\": {\n    \"object\": \"list\",\n
        \   \"total_count\": 1,\n    \"has_more\": false,\n    \"url\": \"/v1/customers/cus_4EUVkhtsnNL1WZ/subscriptions\",\n
        \   \"data\": [\n      {\n        \"id\": \"sub_4EUVjTFMjQoeBc\",\n        \"plan\":
        {\n          \"interval\": \"year\",\n          \"name\": \"Supporter (Annual)\",\n
        \         \"created\": 1402481487,\n          \"amount\": 72000,\n          \"currency\":
        \"gbp\",\n          \"id\": \"supporter_annual\",\n          \"object\": \"plan\",\n
        \         \"livemode\": false,\n          \"interval_count\": 1,\n          \"trial_period_days\":
        null,\n          \"metadata\": {},\n          \"statement_description\": null\n
        \       },\n        \"object\": \"subscription\",\n        \"start\": 1402930529,\n
        \       \"status\": \"active\",\n        \"customer\": \"cus_4EUVkhtsnNL1WZ\",\n
        \       \"cancel_at_period_end\": false,\n        \"current_period_start\":
        1402930529,\n        \"current_period_end\": 1434466529,\n        \"ended_at\":
        null,\n        \"trial_start\": null,\n        \"trial_end\": null,\n        \"canceled_at\":
        null,\n        \"quantity\": 1,\n        \"application_fee_percent\": null,\n
        \       \"discount\": null,\n        \"metadata\": {}\n      }\n    ]\n  },\n
        \ \"discount\": null,\n  \"account_balance\": 0,\n  \"currency\": \"gbp\",\n
        \ \"cards\": {\n    \"object\": \"list\",\n    \"total_count\": 1,\n    \"has_more\":
        false,\n    \"url\": \"/v1/customers/cus_4EUVkhtsnNL1WZ/cards\",\n    \"data\":
        [\n      {\n        \"id\": \"card_104EUV4AkkLX9BwV9jvPHLHk\",\n        \"object\":
        \"card\",\n        \"last4\": \"4242\",\n        \"type\": \"Visa\",\n        \"exp_month\":
        12,\n        \"exp_year\": 2016,\n        \"fingerprint\": \"ynpvkg0lBh03Sjdq\",\n
        \       \"country\": \"US\",\n        \"name\": null,\n        \"address_line1\":
        null,\n        \"address_line2\": null,\n        \"address_city\": null,\n
        \       \"address_state\": null,\n        \"address_zip\": null,\n        \"address_country\":
        null,\n        \"cvc_check\": \"pass\",\n        \"address_line1_check\":
        null,\n        \"address_zip_check\": null,\n        \"customer\": \"cus_4EUVkhtsnNL1WZ\"\n
        \     }\n    ]\n  },\n  \"default_card\": \"card_104EUV4AkkLX9BwV9jvPHLHk\"\n}\n"
    http_version: 
  recorded_at: Mon, 16 Jun 2014 14:55:29 GMT
- request:
    method: get
    uri: https://api.stripe.com/v1/customers/cus_4EUVkhtsnNL1WZ
    body:
      encoding: US-ASCII
      string: ''
    headers:
      Accept:
      - ! '*/*; q=0.5, application/xml'
      Accept-Encoding:
      - gzip, deflate
      User-Agent:
      - Stripe/v1 RubyBindings/1.13.0
      Authorization:
      - Bearer <STRIPE_API_KEY>
      Content-Type:
      - application/x-www-form-urlencoded
      X-Stripe-Client-User-Agent:
      - ! '{"bindings_version":"1.13.0","lang":"ruby","lang_version":"1.9.3 p545 (2014-02-24)","platform":"x86_64-darwin13.1.0","publisher":"stripe","uname":"Darwin
        Agrajag.local 13.2.0 Darwin Kernel Version 13.2.0: Thu Apr 17 23:03:13 PDT
        2014; root:xnu-2422.100.13~1/RELEASE_X86_64 x86_64"}'
  response:
    status:
      code: 200
      message: OK
    headers:
      Server:
      - nginx
      Date:
      - Mon, 16 Jun 2014 14:55:31 GMT
      Content-Type:
      - application/json;charset=utf-8
      Content-Length:
      - '2227'
      Cache-Control:
      - no-cache, no-store
      Stripe-Version:
      - '2014-05-19'
      Access-Control-Allow-Methods:
      - GET, POST, HEAD, OPTIONS, DELETE
      Access-Control-Allow-Credentials:
      - 'true'
      Access-Control-Max-Age:
      - '300'
      Strict-Transport-Security:
      - max-age=31556926; includeSubDomains
    body:
      encoding: US-ASCII
      string: ! "{\n  \"object\": \"customer\",\n  \"created\": 1402930529,\n  \"id\":
        \"cus_4EUVkhtsnNL1WZ\",\n  \"livemode\": false,\n  \"description\": \"FooBar
        Inc supporter membership (FK2061WC)\",\n  \"email\": null,\n  \"delinquent\":
        false,\n  \"metadata\": {},\n  \"subscriptions\": {\n    \"object\": \"list\",\n
        \   \"total_count\": 1,\n    \"has_more\": false,\n    \"url\": \"/v1/customers/cus_4EUVkhtsnNL1WZ/subscriptions\",\n
        \   \"data\": [\n      {\n        \"id\": \"sub_4EUVjTFMjQoeBc\",\n        \"plan\":
        {\n          \"interval\": \"year\",\n          \"name\": \"Supporter (Annual)\",\n
        \         \"created\": 1402481487,\n          \"amount\": 72000,\n          \"currency\":
        \"gbp\",\n          \"id\": \"supporter_annual\",\n          \"object\": \"plan\",\n
        \         \"livemode\": false,\n          \"interval_count\": 1,\n          \"trial_period_days\":
        null,\n          \"metadata\": {},\n          \"statement_description\": null\n
        \       },\n        \"object\": \"subscription\",\n        \"start\": 1402930529,\n
        \       \"status\": \"active\",\n        \"customer\": \"cus_4EUVkhtsnNL1WZ\",\n
        \       \"cancel_at_period_end\": false,\n        \"current_period_start\":
        1402930529,\n        \"current_period_end\": 1434466529,\n        \"ended_at\":
        null,\n        \"trial_start\": null,\n        \"trial_end\": null,\n        \"canceled_at\":
        null,\n        \"quantity\": 1,\n        \"application_fee_percent\": null,\n
        \       \"discount\": null,\n        \"metadata\": {}\n      }\n    ]\n  },\n
        \ \"discount\": null,\n  \"account_balance\": 0,\n  \"currency\": \"gbp\",\n
        \ \"cards\": {\n    \"object\": \"list\",\n    \"total_count\": 1,\n    \"has_more\":
        false,\n    \"url\": \"/v1/customers/cus_4EUVkhtsnNL1WZ/cards\",\n    \"data\":
        [\n      {\n        \"id\": \"card_104EUV4AkkLX9BwV9jvPHLHk\",\n        \"object\":
        \"card\",\n        \"last4\": \"4242\",\n        \"type\": \"Visa\",\n        \"exp_month\":
        12,\n        \"exp_year\": 2016,\n        \"fingerprint\": \"ynpvkg0lBh03Sjdq\",\n
        \       \"country\": \"US\",\n        \"name\": null,\n        \"address_line1\":
        null,\n        \"address_line2\": null,\n        \"address_city\": null,\n
        \       \"address_state\": null,\n        \"address_zip\": null,\n        \"address_country\":
        null,\n        \"cvc_check\": \"pass\",\n        \"address_line1_check\":
        null,\n        \"address_zip_check\": null,\n        \"customer\": \"cus_4EUVkhtsnNL1WZ\"\n
        \     }\n    ]\n  },\n  \"default_card\": \"card_104EUV4AkkLX9BwV9jvPHLHk\"\n}\n"
    http_version: 
  recorded_at: Mon, 16 Jun 2014 14:55:30 GMT
- request:
    method: get
    uri: https://api.stripe.com/v1/customers/cus_4EUVkhtsnNL1WZ
    body:
      encoding: US-ASCII
      string: ''
    headers:
      Accept:
      - ! '*/*; q=0.5, application/xml'
      Accept-Encoding:
      - gzip, deflate
      User-Agent:
      - Stripe/v1 RubyBindings/1.13.0
      Authorization:
      - Bearer <STRIPE_API_KEY>
      Content-Type:
      - application/x-www-form-urlencoded
      X-Stripe-Client-User-Agent:
      - ! '{"bindings_version":"1.13.0","lang":"ruby","lang_version":"1.9.3 p545 (2014-02-24)","platform":"x86_64-darwin13.1.0","publisher":"stripe","uname":"Darwin
        Agrajag.local 13.2.0 Darwin Kernel Version 13.2.0: Thu Apr 17 23:03:13 PDT
        2014; root:xnu-2422.100.13~1/RELEASE_X86_64 x86_64"}'
  response:
    status:
      code: 200
      message: OK
    headers:
      Server:
      - nginx
      Date:
      - Mon, 16 Jun 2014 14:55:32 GMT
      Content-Type:
      - application/json;charset=utf-8
      Content-Length:
      - '2227'
      Cache-Control:
      - no-cache, no-store
      Stripe-Version:
      - '2014-05-19'
      Access-Control-Allow-Methods:
      - GET, POST, HEAD, OPTIONS, DELETE
      Access-Control-Allow-Credentials:
      - 'true'
      Access-Control-Max-Age:
      - '300'
      Strict-Transport-Security:
      - max-age=31556926; includeSubDomains
    body:
      encoding: US-ASCII
      string: ! "{\n  \"object\": \"customer\",\n  \"created\": 1402930529,\n  \"id\":
        \"cus_4EUVkhtsnNL1WZ\",\n  \"livemode\": false,\n  \"description\": \"FooBar
        Inc supporter membership (FK2061WC)\",\n  \"email\": null,\n  \"delinquent\":
        false,\n  \"metadata\": {},\n  \"subscriptions\": {\n    \"object\": \"list\",\n
        \   \"total_count\": 1,\n    \"has_more\": false,\n    \"url\": \"/v1/customers/cus_4EUVkhtsnNL1WZ/subscriptions\",\n
        \   \"data\": [\n      {\n        \"id\": \"sub_4EUVjTFMjQoeBc\",\n        \"plan\":
        {\n          \"interval\": \"year\",\n          \"name\": \"Supporter (Annual)\",\n
        \         \"created\": 1402481487,\n          \"amount\": 72000,\n          \"currency\":
        \"gbp\",\n          \"id\": \"supporter_annual\",\n          \"object\": \"plan\",\n
        \         \"livemode\": false,\n          \"interval_count\": 1,\n          \"trial_period_days\":
        null,\n          \"metadata\": {},\n          \"statement_description\": null\n
        \       },\n        \"object\": \"subscription\",\n        \"start\": 1402930529,\n
        \       \"status\": \"active\",\n        \"customer\": \"cus_4EUVkhtsnNL1WZ\",\n
        \       \"cancel_at_period_end\": false,\n        \"current_period_start\":
        1402930529,\n        \"current_period_end\": 1434466529,\n        \"ended_at\":
        null,\n        \"trial_start\": null,\n        \"trial_end\": null,\n        \"canceled_at\":
        null,\n        \"quantity\": 1,\n        \"application_fee_percent\": null,\n
        \       \"discount\": null,\n        \"metadata\": {}\n      }\n    ]\n  },\n
        \ \"discount\": null,\n  \"account_balance\": 0,\n  \"currency\": \"gbp\",\n
        \ \"cards\": {\n    \"object\": \"list\",\n    \"total_count\": 1,\n    \"has_more\":
        false,\n    \"url\": \"/v1/customers/cus_4EUVkhtsnNL1WZ/cards\",\n    \"data\":
        [\n      {\n        \"id\": \"card_104EUV4AkkLX9BwV9jvPHLHk\",\n        \"object\":
        \"card\",\n        \"last4\": \"4242\",\n        \"type\": \"Visa\",\n        \"exp_month\":
        12,\n        \"exp_year\": 2016,\n        \"fingerprint\": \"ynpvkg0lBh03Sjdq\",\n
        \       \"country\": \"US\",\n        \"name\": null,\n        \"address_line1\":
        null,\n        \"address_line2\": null,\n        \"address_city\": null,\n
        \       \"address_state\": null,\n        \"address_zip\": null,\n        \"address_country\":
        null,\n        \"cvc_check\": \"pass\",\n        \"address_line1_check\":
        null,\n        \"address_zip_check\": null,\n        \"customer\": \"cus_4EUVkhtsnNL1WZ\"\n
        \     }\n    ]\n  },\n  \"default_card\": \"card_104EUV4AkkLX9BwV9jvPHLHk\"\n}\n"
    http_version: 
  recorded_at: Mon, 16 Jun 2014 14:55:31 GMT
recorded_with: VCR 2.9.2
